// Jest Snapshot v1, https://goo.gl/fbAQLP

exports[`Loader should render Loader correctly 1`] = `
<View
  style={
    Object {
      "alignItems": "center",
      "flex": 1,
      "justifyContent": "center",
    }
  }
>
  <ActivityIndicator
    color="#0570c9"
    size={53.5}
  />
</View>
`;
