// Jest Snapshot v1, https://goo.gl/fbAQLP

exports[`ModalComp should render ModalComp correctly 1`] = `
<Modal
  animationType="slide"
  hardwareAccelerated={false}
  transparent={false}
  visible={true}
>
  <View
    style={
      Object {
        "alignItems": "flex-end",
        "backgroundColor": "#244379",
        "flex": 1,
        "justifyContent": "flex-end",
      }
    }
  >
    <View
      style={
        Object {
          "alignItems": "center",
          "backgroundColor": "#FFFFFF",
          "borderRadius": 20,
          "elevation": 5,
          "height": 600.5,
          "padding": 35,
          "shadowColor": "#000000",
          "shadowOffset": Object {
            "height": 2,
            "width": 0,
          },
          "shadowOpacity": 0.25,
          "shadowRadius": 4,
          "width": 750,
        }
      }
    >
      <Text
        allowFontScaling={false}
        selectable={false}
        style={
          Array [
            Object {
              "color": undefined,
              "fontSize": 12,
            },
            Object {
              "color": "#4D8405",
              "fontSize": 133.5,
            },
            Object {
              "fontFamily": "Ionicons",
              "fontStyle": "normal",
              "fontWeight": "normal",
            },
            Object {},
          ]
        }
      >
        
      </Text>
      <Text
        style={
          Object {
            "color": "#4D8405",
            "fontSize": 53.5,
            "fontWeight": "bold",
            "marginVertical": 26.5,
            "textAlign": "center",
          }
        }
      />
      <Text
        style={
          Object {
            "color": "#838383",
            "fontSize": 40,
            "fontWeight": "bold",
            "marginBottom": 40,
            "textAlign": "center",
          }
        }
      />
      <View
        style={
          Object {
            "marginHorizontal": 37.5,
            "width": 675,
          }
        }
      >
        <View
          accessible={true}
          collapsable={false}
          focusable={false}
          onClick={[Function]}
          onResponderGrant={[Function]}
          onResponderMove={[Function]}
          onResponderRelease={[Function]}
          onResponderTerminate={[Function]}
          onResponderTerminationRequest={[Function]}
          onStartShouldSetResponder={[Function]}
          style={
            Object {
              "alignItems": "center",
              "backgroundColor": "#0E6E96",
              "borderRadius": 10,
              "height": 93.5,
              "justifyContent": "center",
              "opacity": 1,
              "width": "100%",
            }
          }
        >
          <Text
            style={
              Object {
                "color": "#ffffff",
                "fontSize": 40,
                "paddingVertical": 6.5,
              }
            }
          />
        </View>
      </View>
    </View>
  </View>
</Modal>
`;
