// Jest Snapshot v1, https://goo.gl/fbAQLP

exports[`OTP should render OTP correctly 1`] = `
<View
  style={
    Object {
      "alignItems": "center",
      "justifyContent": "center",
    }
  }
>
  <View
    style={
      Object {
        "marginVertical": 40,
      }
    }
  >
    <Text
      style={
        Object {
          "color": "#000000",
          "fontSize": 40,
        }
      }
    >
      6-digit code
    </Text>
  </View>
  <View
    style={
      Object {
        "alignItems": "center",
        "flex": 1,
        "flexDirection": "row",
        "justifyContent": "space-between",
      }
    }
  >
    <View
      style={
        Array [
          Object {
            "borderColor": "#CCCCCC",
            "borderRadius": 5,
            "borderWidth": 1,
            "height": 120,
            "marginBottom": 66.5,
            "marginHorizontal": 26.5,
            "width": 67.5,
          },
          false,
        ]
      }
    >
      <TextInput
        accessibilityLabel="otpInput-0"
        accessible={true}
        autoCapitalize="none"
        clearTextOnFocus={false}
        firstInput={true}
        keyboardType="phone-pad"
        maxLength={6}
        numberOfInputs={6}
        onBlur={[Function]}
        onChangeText={[Function]}
        onFocus={[Function]}
        onKeyPress={[Function]}
        placeholder=""
        secureTextEntry={false}
        selectTextOnFocus={true}
        style={
          Object {
            "fontSize": 40,
            "textAlign": "center",
          }
        }
        testID="otpInput-0"
        textContentType="none"
        underlineColorAndroid="transparent"
      />
    </View>
    <View
      style={
        Array [
          Object {
            "borderColor": "#CCCCCC",
            "borderRadius": 5,
            "borderWidth": 1,
            "height": 120,
            "marginBottom": 66.5,
            "marginHorizontal": 26.5,
            "width": 67.5,
          },
          false,
        ]
      }
    >
      <TextInput
        accessibilityLabel="otpInput-1"
        accessible={true}
        autoCapitalize="none"
        autoFocus={false}
        clearTextOnFocus={false}
        firstInput={false}
        keyboardType="phone-pad"
        maxLength={1}
        numberOfInputs={6}
        onBlur={[Function]}
        onChangeText={[Function]}
        onFocus={[Function]}
        onKeyPress={[Function]}
        placeholder=""
        secureTextEntry={false}
        selectTextOnFocus={true}
        style={
          Object {
            "fontSize": 40,
            "textAlign": "center",
          }
        }
        testID="otpInput-1"
        textContentType="none"
        underlineColorAndroid="transparent"
      />
    </View>
    <View
      style={
        Array [
          Object {
            "borderColor": "#CCCCCC",
            "borderRadius": 5,
            "borderWidth": 1,
            "height": 120,
            "marginBottom": 66.5,
            "marginHorizontal": 26.5,
            "width": 67.5,
          },
          false,
        ]
      }
    >
      <TextInput
        accessibilityLabel="otpInput-2"
        accessible={true}
        autoCapitalize="none"
        autoFocus={false}
        clearTextOnFocus={false}
        firstInput={false}
        keyboardType="phone-pad"
        maxLength={1}
        numberOfInputs={6}
        onBlur={[Function]}
        onChangeText={[Function]}
        onFocus={[Function]}
        onKeyPress={[Function]}
        placeholder=""
        secureTextEntry={false}
        selectTextOnFocus={true}
        style={
          Object {
            "fontSize": 40,
            "textAlign": "center",
          }
        }
        testID="otpInput-2"
        textContentType="none"
        underlineColorAndroid="transparent"
      />
    </View>
    <View
      style={
        Array [
          Object {
            "borderColor": "#CCCCCC",
            "borderRadius": 5,
            "borderWidth": 1,
            "height": 120,
            "marginBottom": 66.5,
            "marginHorizontal": 26.5,
            "width": 67.5,
          },
          false,
        ]
      }
    >
      <TextInput
        accessibilityLabel="otpInput-3"
        accessible={true}
        autoCapitalize="none"
        autoFocus={false}
        clearTextOnFocus={false}
        firstInput={false}
        keyboardType="phone-pad"
        maxLength={1}
        numberOfInputs={6}
        onBlur={[Function]}
        onChangeText={[Function]}
        onFocus={[Function]}
        onKeyPress={[Function]}
        placeholder=""
        secureTextEntry={false}
        selectTextOnFocus={true}
        style={
          Object {
            "fontSize": 40,
            "textAlign": "center",
          }
        }
        testID="otpInput-3"
        textContentType="none"
        underlineColorAndroid="transparent"
      />
    </View>
    <View
      style={
        Array [
          Object {
            "borderColor": "#CCCCCC",
            "borderRadius": 5,
            "borderWidth": 1,
            "height": 120,
            "marginBottom": 66.5,
            "marginHorizontal": 26.5,
            "width": 67.5,
          },
          false,
        ]
      }
    >
      <TextInput
        accessibilityLabel="otpInput-4"
        accessible={true}
        autoCapitalize="none"
        autoFocus={false}
        clearTextOnFocus={false}
        firstInput={false}
        keyboardType="phone-pad"
        maxLength={1}
        numberOfInputs={6}
        onBlur={[Function]}
        onChangeText={[Function]}
        onFocus={[Function]}
        onKeyPress={[Function]}
        placeholder=""
        secureTextEntry={false}
        selectTextOnFocus={true}
        style={
          Object {
            "fontSize": 40,
            "textAlign": "center",
          }
        }
        testID="otpInput-4"
        textContentType="none"
        underlineColorAndroid="transparent"
      />
    </View>
    <View
      style={
        Array [
          Object {
            "borderColor": "#CCCCCC",
            "borderRadius": 5,
            "borderWidth": 1,
            "height": 120,
            "marginBottom": 66.5,
            "marginHorizontal": 26.5,
            "width": 67.5,
          },
          false,
        ]
      }
    >
      <TextInput
        accessibilityLabel="otpInput-5"
        accessible={true}
        autoCapitalize="none"
        autoFocus={false}
        clearTextOnFocus={false}
        firstInput={false}
        keyboardType="phone-pad"
        maxLength={1}
        numberOfInputs={6}
        onBlur={[Function]}
        onChangeText={[Function]}
        onFocus={[Function]}
        onKeyPress={[Function]}
        placeholder=""
        secureTextEntry={false}
        selectTextOnFocus={true}
        style={
          Object {
            "fontSize": 40,
            "textAlign": "center",
          }
        }
        testID="otpInput-5"
        textContentType="none"
        underlineColorAndroid="transparent"
      />
    </View>
  </View>
</View>
`;
